------------------------------------------------------------
Timing Analyzer Summary
------------------------------------------------------------

Type  : Slow 1200mV 85C Model Setup 'clock'
Slack : -4.464
TNS   : -71.688

Type  : Slow 1200mV 85C Model Setup 'clockDiv:f|sclk'
Slack : -1.733
TNS   : -9.538

Type  : Slow 1200mV 85C Model Hold 'clockDiv:f|sclk'
Slack : 0.454
TNS   : 0.000

Type  : Slow 1200mV 85C Model Hold 'clock'
Slack : 0.744
TNS   : 0.000

Type  : Slow 1200mV 85C Model Minimum Pulse Width 'clock'
Slack : -3.000
TNS   : -52.071

Type  : Slow 1200mV 85C Model Minimum Pulse Width 'clockDiv:f|sclk'
Slack : -1.487
TNS   : -8.922

Type  : Slow 1200mV 0C Model Setup 'clock'
Slack : -4.214
TNS   : -62.201

Type  : Slow 1200mV 0C Model Setup 'clockDiv:f|sclk'
Slack : -1.593
TNS   : -8.680

Type  : Slow 1200mV 0C Model Hold 'clockDiv:f|sclk'
Slack : 0.404
TNS   : 0.000

Type  : Slow 1200mV 0C Model Hold 'clock'
Slack : 0.693
TNS   : 0.000

Type  : Slow 1200mV 0C Model Minimum Pulse Width 'clock'
Slack : -3.000
TNS   : -52.071

Type  : Slow 1200mV 0C Model Minimum Pulse Width 'clockDiv:f|sclk'
Slack : -1.487
TNS   : -8.922

Type  : Fast 1200mV 0C Model Setup 'clock'
Slack : -1.399
TNS   : -12.914

Type  : Fast 1200mV 0C Model Setup 'clockDiv:f|sclk'
Slack : -0.193
TNS   : -0.795

Type  : Fast 1200mV 0C Model Hold 'clockDiv:f|sclk'
Slack : 0.185
TNS   : 0.000

Type  : Fast 1200mV 0C Model Hold 'clock'
Slack : 0.236
TNS   : 0.000

Type  : Fast 1200mV 0C Model Minimum Pulse Width 'clock'
Slack : -3.000
TNS   : -39.456

Type  : Fast 1200mV 0C Model Minimum Pulse Width 'clockDiv:f|sclk'
Slack : -1.000
TNS   : -6.000

------------------------------------------------------------
