------------------------------------------------------------
Timing Analyzer Summary
------------------------------------------------------------

Type  : Slow 1200mV 85C Model Setup 'clock'
Slack : -4.883
TNS   : -101.324

Type  : Slow 1200mV 85C Model Setup 'controller:ct|ctlBus[2]'
Slack : -3.975
TNS   : -7.559

Type  : Slow 1200mV 85C Model Setup 'clockDiv:f|sclk'
Slack : -3.972
TNS   : -28.518

Type  : Slow 1200mV 85C Model Setup 'selector:s|sclk'
Slack : -3.518
TNS   : -13.731

Type  : Slow 1200mV 85C Model Setup 'control[2]'
Slack : -1.971
TNS   : -1.971

Type  : Slow 1200mV 85C Model Setup 'control[1]'
Slack : -0.419
TNS   : -0.419

Type  : Slow 1200mV 85C Model Setup 'control[0]'
Slack : 0.114
TNS   : 0.000

Type  : Slow 1200mV 85C Model Hold 'clockDiv:f|sclk'
Slack : 0.312
TNS   : 0.000

Type  : Slow 1200mV 85C Model Hold 'clock'
Slack : 0.465
TNS   : 0.000

Type  : Slow 1200mV 85C Model Hold 'selector:s|sclk'
Slack : 0.467
TNS   : 0.000

Type  : Slow 1200mV 85C Model Hold 'control[0]'
Slack : 0.497
TNS   : 0.000

Type  : Slow 1200mV 85C Model Hold 'control[1]'
Slack : 0.916
TNS   : 0.000

Type  : Slow 1200mV 85C Model Hold 'control[2]'
Slack : 1.341
TNS   : 0.000

Type  : Slow 1200mV 85C Model Hold 'controller:ct|ctlBus[2]'
Slack : 1.816
TNS   : 0.000

Type  : Slow 1200mV 85C Model Recovery 'clock'
Slack : -1.462
TNS   : -4.380

Type  : Slow 1200mV 85C Model Recovery 'clockDiv:f|sclk'
Slack : 0.670
TNS   : 0.000

Type  : Slow 1200mV 85C Model Removal 'clockDiv:f|sclk'
Slack : -0.682
TNS   : -7.502

Type  : Slow 1200mV 85C Model Removal 'clock'
Slack : 1.660
TNS   : 0.000

Type  : Slow 1200mV 85C Model Minimum Pulse Width 'clock'
Slack : -3.000
TNS   : -74.376

Type  : Slow 1200mV 85C Model Minimum Pulse Width 'control[0]'
Slack : -3.000
TNS   : -4.487

Type  : Slow 1200mV 85C Model Minimum Pulse Width 'control[1]'
Slack : -3.000
TNS   : -4.487

Type  : Slow 1200mV 85C Model Minimum Pulse Width 'control[2]'
Slack : -3.000
TNS   : -3.000

Type  : Slow 1200mV 85C Model Minimum Pulse Width 'clockDiv:f|sclk'
Slack : -1.487
TNS   : -17.844

Type  : Slow 1200mV 85C Model Minimum Pulse Width 'selector:s|sclk'
Slack : -1.487
TNS   : -10.409

Type  : Slow 1200mV 85C Model Minimum Pulse Width 'controller:ct|ctlBus[2]'
Slack : 0.456
TNS   : 0.000

Type  : Slow 1200mV 0C Model Setup 'clock'
Slack : -4.502
TNS   : -90.054

Type  : Slow 1200mV 0C Model Setup 'controller:ct|ctlBus[2]'
Slack : -3.736
TNS   : -7.066

Type  : Slow 1200mV 0C Model Setup 'clockDiv:f|sclk'
Slack : -3.724
TNS   : -25.948

Type  : Slow 1200mV 0C Model Setup 'selector:s|sclk'
Slack : -3.273
TNS   : -12.674

Type  : Slow 1200mV 0C Model Setup 'control[2]'
Slack : -1.793
TNS   : -1.793

Type  : Slow 1200mV 0C Model Setup 'control[1]'
Slack : -0.303
TNS   : -0.303

Type  : Slow 1200mV 0C Model Setup 'control[0]'
Slack : 0.210
TNS   : 0.000

Type  : Slow 1200mV 0C Model Hold 'clockDiv:f|sclk'
Slack : 0.256
TNS   : 0.000

Type  : Slow 1200mV 0C Model Hold 'selector:s|sclk'
Slack : 0.415
TNS   : 0.000

Type  : Slow 1200mV 0C Model Hold 'clock'
Slack : 0.419
TNS   : 0.000

Type  : Slow 1200mV 0C Model Hold 'control[0]'
Slack : 0.447
TNS   : 0.000

Type  : Slow 1200mV 0C Model Hold 'control[1]'
Slack : 0.836
TNS   : 0.000

Type  : Slow 1200mV 0C Model Hold 'control[2]'
Slack : 1.317
TNS   : 0.000

Type  : Slow 1200mV 0C Model Hold 'controller:ct|ctlBus[2]'
Slack : 1.638
TNS   : 0.000

Type  : Slow 1200mV 0C Model Recovery 'clock'
Slack : -1.287
TNS   : -3.853

Type  : Slow 1200mV 0C Model Recovery 'clockDiv:f|sclk'
Slack : 0.631
TNS   : 0.000

Type  : Slow 1200mV 0C Model Removal 'clockDiv:f|sclk'
Slack : -0.619
TNS   : -6.803

Type  : Slow 1200mV 0C Model Removal 'clock'
Slack : 1.699
TNS   : 0.000

Type  : Slow 1200mV 0C Model Minimum Pulse Width 'clock'
Slack : -3.000
TNS   : -74.376

Type  : Slow 1200mV 0C Model Minimum Pulse Width 'control[0]'
Slack : -3.000
TNS   : -4.487

Type  : Slow 1200mV 0C Model Minimum Pulse Width 'control[1]'
Slack : -3.000
TNS   : -4.487

Type  : Slow 1200mV 0C Model Minimum Pulse Width 'control[2]'
Slack : -3.000
TNS   : -3.000

Type  : Slow 1200mV 0C Model Minimum Pulse Width 'clockDiv:f|sclk'
Slack : -1.487
TNS   : -17.844

Type  : Slow 1200mV 0C Model Minimum Pulse Width 'selector:s|sclk'
Slack : -1.487
TNS   : -10.409

Type  : Slow 1200mV 0C Model Minimum Pulse Width 'controller:ct|ctlBus[2]'
Slack : 0.481
TNS   : 0.000

Type  : Fast 1200mV 0C Model Setup 'controller:ct|ctlBus[2]'
Slack : -1.853
TNS   : -3.553

Type  : Fast 1200mV 0C Model Setup 'clock'
Slack : -1.582
TNS   : -19.316

Type  : Fast 1200mV 0C Model Setup 'clockDiv:f|sclk'
Slack : -1.392
TNS   : -6.944

Type  : Fast 1200mV 0C Model Setup 'selector:s|sclk'
Slack : -1.258
TNS   : -4.853

Type  : Fast 1200mV 0C Model Setup 'control[2]'
Slack : -0.896
TNS   : -0.896

Type  : Fast 1200mV 0C Model Setup 'control[1]'
Slack : 0.420
TNS   : 0.000

Type  : Fast 1200mV 0C Model Setup 'control[0]'
Slack : 0.624
TNS   : 0.000

Type  : Fast 1200mV 0C Model Hold 'selector:s|sclk'
Slack : 0.117
TNS   : 0.000

Type  : Fast 1200mV 0C Model Hold 'clockDiv:f|sclk'
Slack : 0.185
TNS   : 0.000

Type  : Fast 1200mV 0C Model Hold 'clock'
Slack : 0.192
TNS   : 0.000

Type  : Fast 1200mV 0C Model Hold 'control[0]'
Slack : 0.206
TNS   : 0.000

Type  : Fast 1200mV 0C Model Hold 'control[1]'
Slack : 0.387
TNS   : 0.000

Type  : Fast 1200mV 0C Model Hold 'controller:ct|ctlBus[2]'
Slack : 0.741
TNS   : 0.000

Type  : Fast 1200mV 0C Model Hold 'control[2]'
Slack : 1.161
TNS   : 0.000

Type  : Fast 1200mV 0C Model Recovery 'clock'
Slack : -0.146
TNS   : -0.430

Type  : Fast 1200mV 0C Model Recovery 'clockDiv:f|sclk'
Slack : 0.649
TNS   : 0.000

Type  : Fast 1200mV 0C Model Removal 'clockDiv:f|sclk'
Slack : -0.351
TNS   : -3.861

Type  : Fast 1200mV 0C Model Removal 'clock'
Slack : 0.570
TNS   : 0.000

Type  : Fast 1200mV 0C Model Minimum Pulse Width 'clock'
Slack : -3.000
TNS   : -56.107

Type  : Fast 1200mV 0C Model Minimum Pulse Width 'control[0]'
Slack : -3.000
TNS   : -4.090

Type  : Fast 1200mV 0C Model Minimum Pulse Width 'control[1]'
Slack : -3.000
TNS   : -4.089

Type  : Fast 1200mV 0C Model Minimum Pulse Width 'control[2]'
Slack : -3.000
TNS   : -3.000

Type  : Fast 1200mV 0C Model Minimum Pulse Width 'clockDiv:f|sclk'
Slack : -1.000
TNS   : -12.000

Type  : Fast 1200mV 0C Model Minimum Pulse Width 'selector:s|sclk'
Slack : -1.000
TNS   : -7.000

Type  : Fast 1200mV 0C Model Minimum Pulse Width 'controller:ct|ctlBus[2]'
Slack : 0.419
TNS   : 0.000

------------------------------------------------------------
